commit: d8086f14

transformer_typescript Summary:
AST Parsed     : 6456/6456 (100.00%)
Positive Passed: 6453/6456 (99.95%)
Mismatch: tasks/coverage/typescript/tests/cases/compiler/constEnumNamespaceReferenceCausesNoImport2.ts
Mismatch: tasks/coverage/typescript/tests/cases/conformance/externalModules/typeOnly/exportDeclaration.ts
Mismatch: tasks/coverage/typescript/tests/cases/conformance/jsx/inline/inlineJsxAndJsxFragPragmaOverridesCompilerOptions.tsx
